>>> import subpackage
>>> subpackage.getspan("mississippi", "ss")
(2, [(2, 4), (5, 7)])
>>> subpackage.reverse("priyanka")
Traceback (most recent call last):
  File "<python-input-2>", line 1, in <module>
    subpackage.reverse("priyanka")
    ^^^^^^^^^^^^^^^^^^
AttributeError: module 'subpackage' has no attribute 'reverse'
>>> subpackage.reverseword("priyanka")
'aknayirp'
>>> subpackage.remove_punctuation("hello! world?")
'hello world'
>>> subpackage.count_words("hi hello how are you")
5
>>> subpackage.charactermap("mississippi")
{'m': 1, 'i': 4, 's': 4, 'p': 2}
>>> subpackage.maketitle("hello world")
'Hello World'
>>> subpackage.normalize_space("hi  this is  priyanka  mallesh")
'hi this is priyanka mallesh'
>>> subpackage.transform_strings("priyanka")
Traceback (most recent call last):
  File "<python-input-9>", line 1, in <module>
    subpackage.transform_strings("priyanka")
    ^^^^^^^^^^^^^^^^^^^^^^^^^^^^
AttributeError: module 'subpackage' has no attribute 'transform_strings'. Did you mean: 'transform_string'?
>>> subpackage.transform_string("priyanka")
'AKNAYIRP'
>>> 
KeyboardInterrupt
>>> subpackage.permut("abc")
['abc', 'acb', 'bac', 'bca', 'cab', 'cba']
>>> 